---
source: crates/sandcastle-core/src/application.rs
expression: applications
---
[32m# This application is valid[0m
apiVersion: argoproj.io/v1alpha1
kind: Application
metadata:
  name: frontend-test-repo-42
  namespace: argocd
spec:
  project: default
  source:
    path: "charts/frontend" 
    repoURL: "https://github.com/test/repo"
    targetRevision: "abc123"
    helm:
      valuesObject:
        ingress:
          enabled: true
          className: "traefik"
          hosts:
            - host: "frontend-test-repo-42.sandcastle.dev"
              paths:
                - path: /
                  pathType: ImplementationSpecific
        image:
          tag: "abc123"
  destination:
    server: "https://kubernetes.default.svc"
    namespace: "test-repo-42"
